I'm sorry, but errors were detected in your script. Please correct the
errors listed below, and try again.


File "game/script.rpy", line 37: invalid syntax
            $ jarl = "revealed"
             ^

Ren'Py Version: Ren'Py 8.2.0.24012702
Tue Feb 27 12:37:10 2024
